112.2.253.32 - - [10/Apr/2019:13:26:22 +0800] "GET http://mayubin.xyz/ HTTP/1.1" 403 652 "http://cstack209.hosts.hk.control.topvps.top/vhost/?c=domain&a=show" "Mozilla/5.0 (Windows NT 10.0; Win64; x64) AppleWebKit/537.36 (KHTML, like Gecko) Chrome/73.0.3683.103 Safari/537.36"[Lt201T0a0]
112.2.253.32 - - [10/Apr/2019:13:26:23 +0800] "GET http://mayubin.xyz/favicon.ico HTTP/1.1" 404 652 "http://mayubin.xyz/" "Mozilla/5.0 (Windows NT 10.0; Win64; x64) AppleWebKit/537.36 (KHTML, like Gecko) Chrome/73.0.3683.103 Safari/537.36"[Lt0T0a0]
112.2.253.32 - - [10/Apr/2019:13:31:06 +0800] "GET http://mayubin.xyz/ HTTP/1.1" 403 652 "-" "Mozilla/5.0 (Windows NT 10.0; Win64; x64) AppleWebKit/537.36 (KHTML, like Gecko) Chrome/73.0.3683.103 Safari/537.36"[Lt200T0a0]
112.2.253.32 - - [10/Apr/2019:13:32:48 +0800] "GET http://mayubin.xyz/ HTTP/1.1" 403 652 "http://cstack209.hosts.hk.control.topvps.top/vhost/?c=domain&a=show" "Mozilla/5.0 (Windows NT 10.0; Win64; x64) AppleWebKit/537.36 (KHTML, like Gecko) Chrome/73.0.3683.103 Safari/537.36"[Lt200T0a0]
112.2.253.32 - - [10/Apr/2019:13:32:58 +0800] "GET http://mayubin.xyz/ HTTP/1.1" 403 652 "http://cstack209.hosts.hk.control.topvps.top/vhost/?c=domain&a=show" "Mozilla/5.0 (Windows NT 10.0; Win64; x64) AppleWebKit/537.36 (KHTML, like Gecko) Chrome/73.0.3683.103 Safari/537.36"[Lt200T0a0]
112.2.253.32 - - [10/Apr/2019:13:34:37 +0800] "GET http://mayubin.xyz/ HTTP/1.1" 200 2628 "http://cstack209.hosts.hk.control.topvps.top/vhost/?c=domain&a=show" "Mozilla/5.0 (Windows NT 10.0; Win64; x64) AppleWebKit/537.36 (KHTML, like Gecko) Chrome/73.0.3683.103 Safari/537.36"[ZKLt156T0a200]
112.2.253.32 - - [10/Apr/2019:13:34:37 +0800] "GET http://mayubin.xyz/c5.css HTTP/1.1" 404 652 "http://mayubin.xyz/" "Mozilla/5.0 (Windows NT 10.0; Win64; x64) AppleWebKit/537.36 (KHTML, like Gecko) Chrome/73.0.3683.103 Safari/537.36"[Lt0T0a0]
112.2.253.32 - - [10/Apr/2019:13:36:07 +0800] "GET http://mayubin.xyz/ HTTP/1.1" 200 380 "-" "Mozilla/5.0 (Windows NT 10.0; Win64; x64) AppleWebKit/537.36 (KHTML, like Gecko) Chrome/73.0.3683.103 Safari/537.36"[Lt200T0a200]
112.2.253.32 - - [10/Apr/2019:13:36:07 +0800] "GET http://mayubin.xyz/ HTTP/1.1" 304 121 "-" "Mozilla/5.0 (Windows NT 10.0; Win64; x64) AppleWebKit/537.36 (KHTML, like Gecko) Chrome/73.0.3683.103 Safari/537.36"[CLt0T0a0]
112.2.253.32 - - [10/Apr/2019:13:36:08 +0800] "GET http://mayubin.xyz/ HTTP/1.1" 304 121 "-" "Mozilla/5.0 (Windows NT 10.0; Win64; x64) AppleWebKit/537.36 (KHTML, like Gecko) Chrome/73.0.3683.103 Safari/537.36"[CLt0T0a0]
112.2.253.32 - - [10/Apr/2019:13:36:27 +0800] "GET http://mayubin.xyz/ HTTP/1.1" 304 121 "-" "Mozilla/5.0 (Windows NT 10.0; Win64; x64) AppleWebKit/537.36 (KHTML, like Gecko) Chrome/73.0.3683.103 Safari/537.36"[CVLt0T0a304]
61.129.8.199 - - [10/Apr/2019:13:36:57 +0800] "GET http://mayubin.xyz/ HTTP/1.1" 200 375 "-" "Mozilla/5.0 (Linux; U; Android 8.0.0;zh-cn; LLD-AL00 Build/HONORLLD-AL00) AppleWebKit/537.36 (KHTML, like Gecko)Version/4.0 Chrome/57.0.2987.132 MQQBrowser/8.1 Mobile Safari/537.36"[CVt201T0a304]
61.129.8.199 - - [10/Apr/2019:13:36:58 +0800] "GET http://mayubin.xyz/favicon.ico HTTP/1.1" 404 647 "http://mayubin.xyz/" "Mozilla/5.0 (Linux; U; Android 8.0.0;zh-cn; LLD-AL00 Build/HONORLLD-AL00) AppleWebKit/537.36 (KHTML, like Gecko)Version/4.0 Chrome/57.0.2987.132 MQQBrowser/8.1 Mobile Safari/537.36"[t0T0a0]
61.151.178.175 - - [10/Apr/2019:13:37:57 +0800] "GET http://mayubin.xyz/ HTTP/1.1" 200 380 "-" "Mozilla/5.0 (Windows NT 6.1; WOW64) AppleWebKit/537.36 (KHTML, like Gecko) Chrome/53.0.2785.104 Safari/537.36 Core/1.53.2141.400 QQBrowser/9.5.10219.400"[CVLt200T0a304]
58.247.206.154 - - [10/Apr/2019:13:38:00 +0800] "GET http://mayubin.xyz/ HTTP/1.1" 200 380 "" "Mozilla/5.0 (iPhone; CPU iPhone OS 8_4 like Mac OS X) AppleWebKit/600.1.4 (KHTML, like Gecko) Version/8.0 Mobile/12H143 Safari/600.1.4"[CLt0T0a0]
112.2.253.32 - - [10/Apr/2019:13:38:51 +0800] "GET http://mayubin.xyz/ HTTP/1.1" 200 394 "-" "Mozilla/5.0 (Windows NT 10.0; Win64; x64) AppleWebKit/537.36 (KHTML, like Gecko) Chrome/73.0.3683.103 Safari/537.36"[Lt100T0a200]
61.129.8.199 - - [10/Apr/2019:13:40:43 +0800] "GET http://mayubin.xyz/ HTTP/1.1" 200 389 "-" "Mozilla/5.0 (Linux; U; Android 8.0.0;zh-cn; LLD-AL00 Build/HONORLLD-AL00) AppleWebKit/537.36 (KHTML, like Gecko)Version/4.0 Chrome/57.0.2987.132 MQQBrowser/8.1 Mobile Safari/537.36"[t200T0a200]
183.192.164.79 - - [10/Apr/2019:13:40:43 +0800] "GET http://mayubin.xyz/ HTTP/1.1" 200 389 "-" "Mozilla/5.0 (Windows; U; Windows NT 5.1; zh-CN; rv:1.9b4) Gecko/2008030317 Firefox/3.0b4"[t0T0a200]
223.166.151.236 - - [10/Apr/2019:13:40:43 +0800] "GET http://mayubin.xyz/ HTTP/1.1" 200 389 "-" "Mozilla/5.0 (Windows; U; Windows NT 5.1; zh-CN; rv:1.9b4) Gecko/2008030317 Firefox/3.0b4"[Ct0T0a0]
183.192.201.97 - - [10/Apr/2019:13:40:44 +0800] "GET http://mayubin.xyz/ HTTP/1.1" 200 389 "-" "Mozilla/5.0 (Windows; U; Windows NT 5.1; zh-CN; rv:1.9b4) Gecko/2008030317 Firefox/3.0b4"[Ct0T0a0]
61.129.8.199 - - [10/Apr/2019:13:40:44 +0800] "GET http://mayubin.xyz/favicon.ico HTTP/1.1" 404 647 "http://mayubin.xyz/" "Mozilla/5.0 (Linux; U; Android 8.0.0;zh-cn; LLD-AL00 Build/HONORLLD-AL00) AppleWebKit/537.36 (KHTML, like Gecko)Version/4.0 Chrome/57.0.2987.132 MQQBrowser/8.1 Mobile Safari/537.36"[t0T0a0]
223.167.152.20 - - [10/Apr/2019:13:40:44 +0800] "GET http://mayubin.xyz/ HTTP/1.1" 200 389 "-" "Mozilla/5.0 (Windows; U; Windows NT 5.1; zh-CN; rv:1.9b4) Gecko/2008030317 Firefox/3.0b4"[Ct0T0a0]
112.2.253.32 - - [10/Apr/2019:13:51:52 +0800] "GET http://mayubin.xyz/ HTTP/1.1" 200 743 "-" "Mozilla/5.0 (Windows NT 10.0; Win64; x64) AppleWebKit/537.36 (KHTML, like Gecko) Chrome/73.0.3683.103 Safari/537.36"[ZKLt201T0a200]
112.2.253.32 - - [10/Apr/2019:13:52:26 +0800] "GET http://mayubin.xyz/ HTTP/1.1" 200 745 "-" "Mozilla/5.0 (Windows NT 10.0; Win64; x64) AppleWebKit/537.36 (KHTML, like Gecko) Chrome/73.0.3683.103 Safari/537.36"[ZKLt200T0a200]
112.2.253.32 - - [10/Apr/2019:13:52:27 +0800] "GET http://mayubin.xyz/ HTTP/1.1" 304 121 "-" "Mozilla/5.0 (Windows NT 10.0; Win64; x64) AppleWebKit/537.36 (KHTML, like Gecko) Chrome/73.0.3683.103 Safari/537.36"[CLt0T0a0]
112.2.253.32 - - [10/Apr/2019:13:52:28 +0800] "GET http://mayubin.xyz/ HTTP/1.1" 304 121 "-" "Mozilla/5.0 (Windows NT 10.0; Win64; x64) AppleWebKit/537.36 (KHTML, like Gecko) Chrome/73.0.3683.103 Safari/537.36"[CLt0T0a0]
157.0.72.119 - - [10/Apr/2019:13:54:04 +0800] "GET http://mayubin.xyz/ HTTP/1.1" 200 726 "-" "Mozilla/5.0 (Windows NT 10.0; Win64; x64) AppleWebKit/537.36 (KHTML, like Gecko) Chrome/70.0.3538.77 Safari/537.36"[CVLt201T0a304]
157.0.72.119 - - [10/Apr/2019:13:54:05 +0800] "GET http://mayubin.xyz/favicon.ico HTTP/1.1" 404 652 "http://mayubin.xyz/" "Mozilla/5.0 (Windows NT 10.0; Win64; x64) AppleWebKit/537.36 (KHTML, like Gecko) Chrome/70.0.3538.77 Safari/537.36"[Lt0T0a0]
61.129.8.199 - - [10/Apr/2019:13:59:39 +0800] "GET http://mayubin.xyz/ HTTP/1.1" 200 740 "-" "Mozilla/5.0 (Linux; U; Android 8.0.0;zh-cn; LLD-AL00 Build/HONORLLD-AL00) AppleWebKit/537.36 (KHTML, like Gecko)Version/4.0 Chrome/57.0.2987.132 MQQBrowser/8.1 Mobile Safari/537.36"[ZKt200T0a200]
61.129.8.199 - - [10/Apr/2019:13:59:39 +0800] "GET http://mayubin.xyz/ HTTP/1.1" 200 721 "-" "Mozilla/5.0 (Windows; U; Windows NT 5.1; zh-CN; rv:1.9b4) Gecko/2008030317 Firefox/3.0b4"[CVt200T0a304]
223.166.151.235 - - [10/Apr/2019:13:59:39 +0800] "GET http://mayubin.xyz/ HTTP/1.1" 200 721 "-" "Mozilla/5.0 (Windows; U; Windows NT 5.1; zh-CN; rv:1.9b4) Gecko/2008030317 Firefox/3.0b4"[Ct0T0a0]
61.129.8.199 - - [10/Apr/2019:13:59:41 +0800] "GET http://mayubin.xyz/favicon.ico HTTP/1.1" 404 647 "http://mayubin.xyz/" "Mozilla/5.0 (Linux; U; Android 8.0.0;zh-cn; LLD-AL00 Build/HONORLLD-AL00) AppleWebKit/537.36 (KHTML, like Gecko)Version/4.0 Chrome/57.0.2987.132 MQQBrowser/8.1 Mobile Safari/537.36"[t0T0a0]
61.129.8.199 - - [10/Apr/2019:14:08:18 +0800] "GET http://mayubin.xyz/?nsukey=l%2BchT5oKdxJNiHL%2FvMrew1mPOGzV5tqE%2BHeZ61M4HxJ4rlgnkxn3i4Jmj2X9OPtAJnL7CMne69GkcACZEzORKqP51IwDGXevCVIUlBo%2BweZrnB4MJ%2Fm2sPPl5L0nbMep9lUuYlN8jCZM4ph5MnampwystWcrbibvebCqAnzkFH5ZQxdxhseeeJVgL1UZsqBWiQksNGTbfYR%2FV9nELGyvdw%3D%3D HTTP/1.1" 200 740 "-" "Mozilla/5.0 (Linux; Android 8.0.0; LLD-AL00 Build/HONORLLD-AL00; wv) AppleWebKit/537.36 (KHTML, like Gecko) Version/4.0 Chrome/66.0.3359.126 MQQBrowser/6.2 TBS/044605 Mobile Safari/537.36 MMWEBID/7269 MicroMessenger/7.0.3.1400(0x2700033C) Process/tools NetType/4G Language/zh_CN"[ZKt200T0a200]
117.136.46.106 - - [10/Apr/2019:14:08:18 +0800] "GET http://mayubin.xyz/favicon.ico HTTP/1.1" 404 652 "http://mayubin.xyz/?nsukey=l%2BchT5oKdxJNiHL%2FvMrew1mPOGzV5tqE%2BHeZ61M4HxJ4rlgnkxn3i4Jmj2X9OPtAJnL7CMne69GkcACZEzORKqP51IwDGXevCVIUlBo%2BweZrnB4MJ%2Fm2sPPl5L0nbMep9lUuYlN8jCZM4ph5MnampwystWcrbibvebCqAnzkFH5ZQxdxhseeeJVgL1UZsqBWiQksNGTbfYR%2FV9nELGyvdw%3D%3D" "Mozilla/5.0 (Linux; Android 8.0.0; LLD-AL00 Build/HONORLLD-AL00; wv) AppleWebKit/537.36 (KHTML, like Gecko) Version/4.0 Chrome/66.0.3359.126 MQQBrowser/6.2 TBS/044605 Mobile Safari/537.36 MMWEBID/7269 MicroMessenger/7.0.3.1400(0x2700033C) Process/tools NetType/4G Language/zh_CN"[Lt0T0a0]
101.226.226.221 - - [10/Apr/2019:14:09:14 +0800] "GET http://mayubin.xyz/ HTTP/1.1" 200 725 "-" "Mozilla/5.0 (Windows NT 6.1; WOW64) AppleWebKit/537.36 (KHTML, like Gecko) Chrome/39.0.2171.95 Safari/537.36 MicroMessenger/6.5.2.501 NetType/WIFI WindowsWechat QBCore/3.43.27.400 QQBrowser/9.0.2524.400"[Lt200T0a200]
101.89.29.97 - - [10/Apr/2019:14:09:17 +0800] "GET http://mayubin.xyz/?nsukey=l%2BchT5oKdxJNiHL%2FvMrew1mPOGzV5tqE%2BHeZ61M4HxJ4rlgnkxn3i4Jmj2X9OPtAJnL7CMne69GkcACZEzORKqP51IwDGXevCVIUlBo%2BweZrnB4MJ%2Fm2sPPl5L0nbMep9lUuYlN8jCZM4ph5MnampwystWcrbibvebCqAnzkFH5ZQxdxhseeeJVgL1UZsqBWiQksNGTbfYR%2FV9nELGyvdw%3D%3D HTTP/1.1" 200 725 "-" "Mozilla/5.0 (Linux; Android 4.4.4; Coolpad Y82-520 Build/KTU84P) AppleWebKit/537.36 (KHTML, like Gecko) Version/4.0 Chrome/33.0.0.0 Mobile Safari/537.36 MicroMessenger/6.5.4.1000 NetType/4G Language/zh_CN"[Lt0T0a200]
61.129.8.199 - - [10/Apr/2019:14:12:11 +0800] "GET http://mayubin.xyz/?nsukey=ZWyXRoHVCTq%2FtaMc8BC9xgH%2BkXvw9zQ4vqv3Guca2%2B%2BFaAhWLPRPj2sAmicgGjUlhV3X8E5rELODF5rgcoKZ2cs8gF5lYaqt0e1yX%2BOMWst1ZM5%2B%2FxD0SsBrOrwjx8laTM5qx2cPPT4SadINWjeo4mlJVzlT7s7%2FE5R00mleZEC2Ku02bHY2JKD0HCYe%2FiaHDNavC1EjnnRaOQWTk1uf%2FQ%3D%3D HTTP/1.1" 200 740 "-" "Mozilla/5.0 (Linux; Android 8.0.0; LLD-AL00 Build/HONORLLD-AL00; wv) AppleWebKit/537.36 (KHTML, like Gecko) Version/4.0 Chrome/66.0.3359.126 MQQBrowser/6.2 TBS/044605 Mobile Safari/537.36 MMWEBID/7269 MicroMessenger/7.0.3.1400(0x2700033C) Process/tools NetType/4G Language/zh_CN"[ZKt200T0a200]
117.136.46.106 - - [10/Apr/2019:14:12:11 +0800] "GET http://mayubin.xyz/favicon.ico HTTP/1.1" 404 652 "http://mayubin.xyz/?nsukey=ZWyXRoHVCTq%2FtaMc8BC9xgH%2BkXvw9zQ4vqv3Guca2%2B%2BFaAhWLPRPj2sAmicgGjUlhV3X8E5rELODF5rgcoKZ2cs8gF5lYaqt0e1yX%2BOMWst1ZM5%2B%2FxD0SsBrOrwjx8laTM5qx2cPPT4SadINWjeo4mlJVzlT7s7%2FE5R00mleZEC2Ku02bHY2JKD0HCYe%2FiaHDNavC1EjnnRaOQWTk1uf%2FQ%3D%3D" "Mozilla/5.0 (Linux; Android 8.0.0; LLD-AL00 Build/HONORLLD-AL00; wv) AppleWebKit/537.36 (KHTML, like Gecko) Version/4.0 Chrome/66.0.3359.126 MQQBrowser/6.2 TBS/044605 Mobile Safari/537.36 MMWEBID/7269 MicroMessenger/7.0.3.1400(0x2700033C) Process/tools NetType/4G Language/zh_CN"[Lt0T0a0]
101.89.19.149 - - [10/Apr/2019:14:13:10 +0800] "GET http://mayubin.xyz/?nsukey=ZWyXRoHVCTq%2FtaMc8BC9xgH%2BkXvw9zQ4vqv3Guca2%2B%2BFaAhWLPRPj2sAmicgGjUlhV3X8E5rELODF5rgcoKZ2cs8gF5lYaqt0e1yX%2BOMWst1ZM5%2B%2FxD0SsBrOrwjx8laTM5qx2cPPT4SadINWjeo4mlJVzlT7s7%2FE5R00mleZEC2Ku02bHY2JKD0HCYe%2FiaHDNavC1EjnnRaOQWTk1uf%2FQ%3D%3D HTTP/1.1" 200 725 "-" "Mozilla/5.0 (Linux; Android 4.4.4; Coolpad Y82-520 Build/KTU84P) AppleWebKit/537.36 (KHTML, like Gecko) Version/4.0 Chrome/33.0.0.0 Mobile Safari/537.36 MicroMessenger/6.5.4.1000 NetType/4G Language/zh_CN"[Lt201T0a200]
61.129.8.199 - - [10/Apr/2019:14:20:19 +0800] "GET http://mayubin.xyz/?nsukey=g1CC5vg0eJmvs9pcltWgkEWQITWkGgS8X1G1RpTxE5jor%2B5%2FKy3O9%2BOJ%2BjEiTuZ%2B4NFaT5SecU2xsfkslDdowt59nw21reoE3%2FJ9vRZsX4vYUwdcp%2Fv%2FJw4%2F4x5O0TKLdjlQkXmbnjuih8O0lBCpk9mQ1IFg5YhSQHuE4yeQwtz7jw50WhGudAQslntX2ucllkyxJ5PzcRQmeuSlKdfo7Q%3D%3D HTTP/1.1" 200 740 "-" "Mozilla/5.0 (Linux; Android 8.0.0; LLD-AL00 Build/HONORLLD-AL00; wv) AppleWebKit/537.36 (KHTML, like Gecko) Version/4.0 Chrome/66.0.3359.126 MQQBrowser/6.2 TBS/044605 Mobile Safari/537.36 MMWEBID/7269 MicroMessenger/7.0.3.1400(0x2700033C) Process/tools NetType/4G Language/zh_CN"[ZKt201T1a200]
223.167.152.14 - - [10/Apr/2019:14:20:19 +0800] "GET http://mayubin.xyz/ HTTP/1.1" 200 721 "-" "Mozilla/5.0 (Windows; U; Windows NT 5.1; zh-CN; rv:1.9b4) Gecko/2008030317 Firefox/3.0b4"[CVt0T0a304]
117.136.46.106 - - [10/Apr/2019:14:20:19 +0800] "GET http://mayubin.xyz/favicon.ico HTTP/1.1" 404 652 "http://mayubin.xyz/?nsukey=g1CC5vg0eJmvs9pcltWgkEWQITWkGgS8X1G1RpTxE5jor%2B5%2FKy3O9%2BOJ%2BjEiTuZ%2B4NFaT5SecU2xsfkslDdowt59nw21reoE3%2FJ9vRZsX4vYUwdcp%2Fv%2FJw4%2F4x5O0TKLdjlQkXmbnjuih8O0lBCpk9mQ1IFg5YhSQHuE4yeQwtz7jw50WhGudAQslntX2ucllkyxJ5PzcRQmeuSlKdfo7Q%3D%3D" "Mozilla/5.0 (Linux; Android 8.0.0; LLD-AL00 Build/HONORLLD-AL00; wv) AppleWebKit/537.36 (KHTML, like Gecko) Version/4.0 Chrome/66.0.3359.126 MQQBrowser/6.2 TBS/044605 Mobile Safari/537.36 MMWEBID/7269 MicroMessenger/7.0.3.1400(0x2700033C) Process/tools NetType/4G Language/zh_CN"[Lt0T0a0]
61.151.179.84 - - [10/Apr/2019:14:21:19 +0800] "GET http://mayubin.xyz/?nsukey=g1CC5vg0eJmvs9pcltWgkEWQITWkGgS8X1G1RpTxE5jor%2B5%2FKy3O9%2BOJ%2BjEiTuZ%2B4NFaT5SecU2xsfkslDdowt59nw21reoE3%2FJ9vRZsX4vYUwdcp%2Fv%2FJw4%2F4x5O0TKLdjlQkXmbnjuih8O0lBCpk9mQ1IFg5YhSQHuE4yeQwtz7jw50WhGudAQslntX2ucllkyxJ5PzcRQmeuSlKdfo7Q%3D%3D HTTP/1.1" 200 725 "-" "Mozilla/5.0 (iPhone; CPU iPhone OS 10_2_1 like Mac OS X) AppleWebKit/602.4.6 (KHTML, like Gecko) Mobile/14D27 MicroMessenger/6.5.5 NetType/WIFI Language/zh_CN"[Lt201T0a200]
112.2.253.32 - - [10/Apr/2019:14:21:52 +0800] "GET http://mayubin.xyz/ HTTP/1.1" 304 121 "-" "Mozilla/5.0 (Windows NT 10.0; Win64; x64) AppleWebKit/537.36 (KHTML, like Gecko) Chrome/73.0.3683.103 Safari/537.36"[CVLt0T0a304]
61.129.8.199 - - [10/Apr/2019:14:25:46 +0800] "GET http://mayubin.xyz/?nsukey=KmePRJIKQMuusVJVsGIVlvlYSTmQ5YELyiN%2FoujjA9G%2B9%2FRRdjkkHQeVoVHz0i3R3cjmH2wgiT1DkoNgLLyWwJh5rSkpGNQ932p4av3RYqOGIgAMwrMulmGOAoPC%2BmFCDf55cXRCJRVqDH55C%2B4vzAVuzTWYPtvW9S7dTH9Mz3ptzYefmdN8O9X6frmP%2BmbyP4T2XgX7lPfvS7MKINO9aQ%3D%3D HTTP/1.1" 200 740 "-" "Mozilla/5.0 (Linux; Android 8.0.0; LLD-AL00 Build/HONORLLD-AL00; wv) AppleWebKit/537.36 (KHTML, like Gecko) Version/4.0 Chrome/66.0.3359.126 MQQBrowser/6.2 TBS/044605 Mobile Safari/537.36 MMWEBID/7269 MicroMessenger/7.0.3.1400(0x2700033C) Process/tools NetType/4G Language/zh_CN"[ZKt201T0a200]
117.136.46.106 - - [10/Apr/2019:14:25:46 +0800] "GET http://mayubin.xyz/favicon.ico HTTP/1.1" 404 652 "http://mayubin.xyz/?nsukey=KmePRJIKQMuusVJVsGIVlvlYSTmQ5YELyiN%2FoujjA9G%2B9%2FRRdjkkHQeVoVHz0i3R3cjmH2wgiT1DkoNgLLyWwJh5rSkpGNQ932p4av3RYqOGIgAMwrMulmGOAoPC%2BmFCDf55cXRCJRVqDH55C%2B4vzAVuzTWYPtvW9S7dTH9Mz3ptzYefmdN8O9X6frmP%2BmbyP4T2XgX7lPfvS7MKINO9aQ%3D%3D" "Mozilla/5.0 (Linux; Android 8.0.0; LLD-AL00 Build/HONORLLD-AL00; wv) AppleWebKit/537.36 (KHTML, like Gecko) Version/4.0 Chrome/66.0.3359.126 MQQBrowser/6.2 TBS/044605 Mobile Safari/537.36 MMWEBID/7269 MicroMessenger/7.0.3.1400(0x2700033C) Process/tools NetType/4G Language/zh_CN"[Lt0T0a0]
101.89.239.216 - - [10/Apr/2019:14:26:46 +0800] "GET http://mayubin.xyz/?nsukey=KmePRJIKQMuusVJVsGIVlvlYSTmQ5YELyiN%2FoujjA9G%2B9%2FRRdjkkHQeVoVHz0i3R3cjmH2wgiT1DkoNgLLyWwJh5rSkpGNQ932p4av3RYqOGIgAMwrMulmGOAoPC%2BmFCDf55cXRCJRVqDH55C%2B4vzAVuzTWYPtvW9S7dTH9Mz3ptzYefmdN8O9X6frmP%2BmbyP4T2XgX7lPfvS7MKINO9aQ%3D%3D HTTP/1.1" 200 725 "-" "Mozilla/5.0 (Windows NT 6.1; WOW64) AppleWebKit/537.36 (KHTML, like Gecko) Chrome/39.0.2171.95 Safari/537.36 MicroMessenger/6.5.2.501 NetType/WIFI WindowsWechat QBCore/3.43.27.400 QQBrowser/9.0.2524.400"[Lt201T0a200]
223.167.152.21 - - [10/Apr/2019:14:37:09 +0800] "GET http://mayubin.xyz/ HTTP/1.1" 200 721 "-" "Mozilla/5.0 (Windows; U; Windows NT 5.1; zh-CN; rv:1.9b4) Gecko/2008030317 Firefox/3.0b4"[CVt0T0a304]
61.129.8.199 - - [10/Apr/2019:14:37:09 +0800] "GET http://mayubin.xyz/?nsukey=KrDhRVCxMVuxSAjRwFDIbbDDXmc9%2B0rYr9oeWrhyn6etlSsaERshoyXj73vz%2F%2FxAB%2BFTcE3r0S3Ott7HgkdM8DO%2FUrGzO3suv%2BeLjNhsLzYyYeJTHZHN%2BOX46V5f587B2snJJ0SVL5l31vNG1%2BONogh%2BJ4DMijc3UL75wI77D2AjTkj3V7w9udmIHBic2030 HTTP/1.1" 200 740 "-" "Mozilla/5.0 (Linux; Android 8.0.0; LLD-AL00 Build/HONORLLD-AL00; wv) AppleWebKit/537.36 (KHTML, like Gecko) Version/4.0 Chrome/66.0.3359.126 MQQBrowser/6.2 TBS/044605 Mobile Safari/537.36 MMWEBID/7269 MicroMessenger/7.0.3.1400(0x2700033C) Process/tools NetType/4G Language/zh_CN"[ZKt200T0a200]
117.136.46.106 - - [10/Apr/2019:14:37:10 +0800] "GET http://mayubin.xyz/favicon.ico HTTP/1.1" 404 652 "http://mayubin.xyz/?nsukey=KrDhRVCxMVuxSAjRwFDIbbDDXmc9%2B0rYr9oeWrhyn6etlSsaERshoyXj73vz%2F%2FxAB%2BFTcE3r0S3Ott7HgkdM8DO%2FUrGzO3suv%2BeLjNhsLzYyYeJTHZHN%2BOX46V5f587B2snJJ0SVL5l31vNG1%2BONogh%2BJ4DMijc3UL75wI77D2AjTkj3V7w9udmIHBic2030" "Mozilla/5.0 (Linux; Android 8.0.0; LLD-AL00 Build/HONORLLD-AL00; wv) AppleWebKit/537.36 (KHTML, like Gecko) Version/4.0 Chrome/66.0.3359.126 MQQBrowser/6.2 TBS/044605 Mobile Safari/537.36 MMWEBID/7269 MicroMessenger/7.0.3.1400(0x2700033C) Process/tools NetType/4G Language/zh_CN"[Lt0T0a0]
183.192.164.79 - - [10/Apr/2019:14:37:19 +0800] "GET http://mayubin.xyz/?nsukey=erzf1zF%2BmbOy4lFSDyVNGIVyZaRO%2FN6dt6kjL8j%2BbqjTxIijOJuT%2FNdMnhGAfPFl1h1NsYAKqDae5AmrIVzU47YYydpQNS7qoD31ODqFIMx4N1%2BEdOpMoKrSnVcpeTTvYy3NvwRgk3cliLgpKyZ79U1wK0DZqKvb3VsrrCQ74G0hmmKr0zzvrLofm9esRpaiYyuurMfzK1Hu8b%2FO1wW6lQ%3D%3D HTTP/1.1" 200 740 "-" "Mozilla/5.0 (Linux; Android 8.0.0; LLD-AL00 Build/HONORLLD-AL00; wv) AppleWebKit/537.36 (KHTML, like Gecko) Version/4.0 Chrome/66.0.3359.126 MQQBrowser/6.2 TBS/044605 Mobile Safari/537.36 MMWEBID/7269 MicroMessenger/7.0.3.1400(0x2700033C) Process/tools NetType/4G Language/zh_CN"[ZKt200T0a200]
117.136.46.106 - - [10/Apr/2019:14:37:19 +0800] "GET http://mayubin.xyz/favicon.ico HTTP/1.1" 404 652 "http://mayubin.xyz/?nsukey=erzf1zF%2BmbOy4lFSDyVNGIVyZaRO%2FN6dt6kjL8j%2BbqjTxIijOJuT%2FNdMnhGAfPFl1h1NsYAKqDae5AmrIVzU47YYydpQNS7qoD31ODqFIMx4N1%2BEdOpMoKrSnVcpeTTvYy3NvwRgk3cliLgpKyZ79U1wK0DZqKvb3VsrrCQ74G0hmmKr0zzvrLofm9esRpaiYyuurMfzK1Hu8b%2FO1wW6lQ%3D%3D" "Mozilla/5.0 (Linux; Android 8.0.0; LLD-AL00 Build/HONORLLD-AL00; wv) AppleWebKit/537.36 (KHTML, like Gecko) Version/4.0 Chrome/66.0.3359.126 MQQBrowser/6.2 TBS/044605 Mobile Safari/537.36 MMWEBID/7269 MicroMessenger/7.0.3.1400(0x2700033C) Process/tools NetType/4G Language/zh_CN"[Lt0T0a0]
101.89.19.149 - - [10/Apr/2019:14:38:09 +0800] "GET http://mayubin.xyz/?nsukey=KrDhRVCxMVuxSAjRwFDIbbDDXmc9%2B0rYr9oeWrhyn6etlSsaERshoyXj73vz%2F%2FxAB%2BFTcE3r0S3Ott7HgkdM8DO%2FUrGzO3suv%2BeLjNhsLzYyYeJTHZHN%2BOX46V5f587B2snJJ0SVL5l31vNG1%2BONogh%2BJ4DMijc3UL75wI77D2AjTkj3V7w9udmIHBic2030 HTTP/1.1" 200 725 "-" "Mozilla/5.0 (Linux; Android 6.0.1; OPPO R9s Build/MMB29M) AppleWebKit/537.36 (KHTML, like Gecko) Version/4.0 Chrome/37.0.0.0 Mobile MQQBrowser/6.9 TBS/036906 Safari/537.36 MicroMessenger/6.5.4.1000 NetType/4G Language/zh_CN"[Lt200T0a200]
61.151.207.205 - - [10/Apr/2019:14:38:19 +0800] "GET http://mayubin.xyz/?nsukey=erzf1zF%2BmbOy4lFSDyVNGIVyZaRO%2FN6dt6kjL8j%2BbqjTxIijOJuT%2FNdMnhGAfPFl1h1NsYAKqDae5AmrIVzU47YYydpQNS7qoD31ODqFIMx4N1%2BEdOpMoKrSnVcpeTTvYy3NvwRgk3cliLgpKyZ79U1wK0DZqKvb3VsrrCQ74G0hmmKr0zzvrLofm9esRpaiYyuurMfzK1Hu8b%2FO1wW6lQ%3D%3D HTTP/1.1" 200 725 "-" "Mozilla/5.0 (Linux; Android 5.1.1; SM801 Build/LMY47V; wv) AppleWebKit/537.36 (KHTML, like Gecko) Version/4.0 Chrome/53.0.2785.49 Mobile MQQBrowser/6.2 TBS/043024 Safari/537.36 MicroMessenger/6.5.4.1000 NetType/4G Language/zh_CN"[Lt201T0a200]
61.129.7.217 - - [10/Apr/2019:15:13:13 +0800] "GET http://mayubin.xyz/?nsukey=%2FS4%2Bw2X4GK%2FIQ1aIOMK7LoLEksXjoTL9cfcuI%2BoxhhhV0oPqK1C5kcALgN0qujMYzSKkJG6zNB30gVvVGs65c9n8UdHHx9KwAPjrltbaADlAQC7SAe0x8GA18DCpH15IkMN46TgHf1%2BaTrA1iacaUdAK3KjYG7GRbGb4awAEfb%2FHi2IY8vbgd6TyDBdvYAa4nQ1CIXmrgzCJaK%2FRuEK2Gg%3D%3D HTTP/1.1" 200 740 "-" "Mozilla/5.0 (Linux; Android 6.0; M5 Note Build/MRA58K; wv) AppleWebKit/537.36 (KHTML, like Gecko) Version/4.0 Chrome/66.0.3359.126 MQQBrowser/6.2 TBS/044606 Mobile Safari/537.36 MMWEBID/3605 MicroMessenger/7.0.3.1400(0x2700033C) Process/tools NetType/4G Language/zh_CN"[ZKt201T0a200]
58.243.254.81 - - [10/Apr/2019:15:13:14 +0800] "GET http://mayubin.xyz/favicon.ico HTTP/1.1" 404 652 "http://mayubin.xyz/?nsukey=%2FS4%2Bw2X4GK%2FIQ1aIOMK7LoLEksXjoTL9cfcuI%2BoxhhhV0oPqK1C5kcALgN0qujMYzSKkJG6zNB30gVvVGs65c9n8UdHHx9KwAPjrltbaADlAQC7SAe0x8GA18DCpH15IkMN46TgHf1%2BaTrA1iacaUdAK3KjYG7GRbGb4awAEfb%2FHi2IY8vbgd6TyDBdvYAa4nQ1CIXmrgzCJaK%2FRuEK2Gg%3D%3D" "Mozilla/5.0 (Linux; Android 6.0; M5 Note Build/MRA58K; wv) AppleWebKit/537.36 (KHTML, like Gecko) Version/4.0 Chrome/66.0.3359.126 MQQBrowser/6.2 TBS/044606 Mobile Safari/537.36 MMWEBID/3605 MicroMessenger/7.0.3.1400(0x2700033C) Process/tools NetType/4G Language/zh_CN"[Lt0T0a0]
61.129.7.217 - - [10/Apr/2019:15:17:56 +0800] "GET http://mayubin.xyz/?nsukey=YoXAZRS46JrU802lkvn9g%2B8ARIdOVoKAgwDhShM3Pkvq7Z0gpLgi4NCk5Hg%2Fqhl2mbFLbwOLq9HSD%2F74RgiL3z9i42ZpfvgwuYYuE16Tkc0oobKA%2B0AqhFFHjCiBoav1Ajp1ZoZOT434UK8wNC%2FNSqWNzbDD1nC%2FGYPrTgXxGgfS8ZJxnX%2FP5PXZCCJ8zA5nZVFjII%2BpTb4Mq4Ag7%2Fx31Q%3D%3D HTTP/1.1" 200 740 "-" "Mozilla/5.0 (Linux; Android 6.0; M5 Note Build/MRA58K; wv) AppleWebKit/537.36 (KHTML, like Gecko) Version/4.0 Chrome/66.0.3359.126 MQQBrowser/6.2 TBS/044606 Mobile Safari/537.36 MMWEBID/3605 MicroMessenger/7.0.3.1400(0x2700033C) Process/tools NetType/4G Language/zh_CN"[ZKt200T0a200]
58.243.254.81 - - [10/Apr/2019:15:17:57 +0800] "GET http://mayubin.xyz/favicon.ico HTTP/1.1" 404 652 "http://mayubin.xyz/?nsukey=YoXAZRS46JrU802lkvn9g%2B8ARIdOVoKAgwDhShM3Pkvq7Z0gpLgi4NCk5Hg%2Fqhl2mbFLbwOLq9HSD%2F74RgiL3z9i42ZpfvgwuYYuE16Tkc0oobKA%2B0AqhFFHjCiBoav1Ajp1ZoZOT434UK8wNC%2FNSqWNzbDD1nC%2FGYPrTgXxGgfS8ZJxnX%2FP5PXZCCJ8zA5nZVFjII%2BpTb4Mq4Ag7%2Fx31Q%3D%3D" "Mozilla/5.0 (Linux; Android 6.0; M5 Note Build/MRA58K; wv) AppleWebKit/537.36 (KHTML, like Gecko) Version/4.0 Chrome/66.0.3359.126 MQQBrowser/6.2 TBS/044606 Mobile Safari/537.36 MMWEBID/3605 MicroMessenger/7.0.3.1400(0x2700033C) Process/tools NetType/4G Language/zh_CN"[Lt0T0a0]
101.89.29.94 - - [10/Apr/2019:15:18:56 +0800] "GET http://mayubin.xyz/?nsukey=YoXAZRS46JrU802lkvn9g%2B8ARIdOVoKAgwDhShM3Pkvq7Z0gpLgi4NCk5Hg%2Fqhl2mbFLbwOLq9HSD%2F74RgiL3z9i42ZpfvgwuYYuE16Tkc0oobKA%2B0AqhFFHjCiBoav1Ajp1ZoZOT434UK8wNC%2FNSqWNzbDD1nC%2FGYPrTgXxGgfS8ZJxnX%2FP5PXZCCJ8zA5nZVFjII%2BpTb4Mq4Ag7%2Fx31Q%3D%3D HTTP/1.1" 200 725 "-" "Mozilla/5.0 (Linux; Android 4.4.4; HUAWEI ALE-CL00 Build/HuaweiALE-CL00; wv) AppleWebKit/537.36 (KHTML, like Gecko) Version/4.0 Chrome/53.0.2785.49 Mobile MQQBrowser/6.2 TBS/043024 Safari/537.36 MicroMessenger/6.5.4.1000 NetType/4G Language/zh_CN"[Lt200T0a200]
58.247.212.55 - - [10/Apr/2019:15:26:17 +0800] "GET http://mayubin.xyz/ HTTP/1.1" 200 721 "-" "Mozilla/5.0 (Windows; U; Windows NT 5.1; zh-CN; rv:1.9b4) Gecko/2008030317 Firefox/3.0b4"[CVt201T0a304]
61.129.8.199 - - [10/Apr/2019:15:26:19 +0800] "GET http://mayubin.xyz/?nsukey=BQUxdfap0T8NBGE9sJqlQ0BWw%2BkWbkfebGShF3gq0odLtw7T2u3xP4AKMts%2Bb1twHXl5I%2FRO9Jxuzb1wgN4%2FOLZ%2FN4gPijjNWBGtclGnFUpuN21cmmp8o%2BtML4ytX0xt4x9QayFOkPmIPqQ5B2VTQiAcm79DFykahGZZb7n%2F%2F8%2F9eH40YRoPZCaSP7awK6Xc2YiZNh9kIF%2BSxSBrW4Ht1w%3D%3D HTTP/1.1" 200 740 "-" "Mozilla/5.0 (Linux; Android 8.0.0; LLD-AL00 Build/HONORLLD-AL00; wv) AppleWebKit/537.36 (KHTML, like Gecko) Version/4.0 Chrome/66.0.3359.126 MQQBrowser/6.2 TBS/044605 Mobile Safari/537.36 MMWEBID/7269 MicroMessenger/7.0.3.1400(0x2700033C) Process/tools NetType/4G Language/zh_CN"[ZKt0T0a200]
117.136.46.106 - - [10/Apr/2019:15:26:19 +0800] "GET http://mayubin.xyz/favicon.ico HTTP/1.1" 404 652 "http://mayubin.xyz/?nsukey=BQUxdfap0T8NBGE9sJqlQ0BWw%2BkWbkfebGShF3gq0odLtw7T2u3xP4AKMts%2Bb1twHXl5I%2FRO9Jxuzb1wgN4%2FOLZ%2FN4gPijjNWBGtclGnFUpuN21cmmp8o%2BtML4ytX0xt4x9QayFOkPmIPqQ5B2VTQiAcm79DFykahGZZb7n%2F%2F8%2F9eH40YRoPZCaSP7awK6Xc2YiZNh9kIF%2BSxSBrW4Ht1w%3D%3D" "Mozilla/5.0 (Linux; Android 8.0.0; LLD-AL00 Build/HONORLLD-AL00; wv) AppleWebKit/537.36 (KHTML, like Gecko) Version/4.0 Chrome/66.0.3359.126 MQQBrowser/6.2 TBS/044605 Mobile Safari/537.36 MMWEBID/7269 MicroMessenger/7.0.3.1400(0x2700033C) Process/tools NetType/4G Language/zh_CN"[Lt0T0a0]
61.129.6.251 - - [10/Apr/2019:15:27:17 +0800] "GET http://mayubin.xyz/?nsukey=BQUxdfap0T8NBGE9sJqlQ0BWw%2BkWbkfebGShF3gq0odLtw7T2u3xP4AKMts%2Bb1twHXl5I%2FRO9Jxuzb1wgN4%2FOLZ%2FN4gPijjNWBGtclGnFUpuN21cmmp8o%2BtML4ytX0xt4x9QayFOkPmIPqQ5B2VTQiAcm79DFykahGZZb7n%2F%2F8%2F9eH40YRoPZCaSP7awK6Xc2YiZNh9kIF%2BSxSBrW4Ht1w%3D%3D HTTP/1.1" 200 725 "-" "Mozilla/5.0 (Linux; Android 5.1.1; SM801 Build/LMY47V; wv) AppleWebKit/537.36 (KHTML, like Gecko) Version/4.0 Chrome/53.0.2785.49 Mobile MQQBrowser/6.2 TBS/043024 Safari/537.36 MicroMessenger/6.5.4.1000 NetType/4G Language/zh_CN"[Lt200T0a200]
61.129.8.199 - - [10/Apr/2019:16:33:58 +0800] "GET http://mayubin.xyz/?nsukey=0YV%2FDIB%2F%2BTpdQI7V11cVjb6yy7dVBGHWfxIDB3qMuGFX89kSDXeJ2CFMWF3S4HT1h55b1ljRgNBv%2FLtEzOonIcHR89i7H%2FcdpbB9D%2BEguPGNAn%2B%2F2dGw1MAzbA9vh8ePO%2FdaZc28gwGMS8%2BwnPYvXT%2BEbE5vMr4EVa428oIzEzldZUmiJJa49jXUK6SLSoaLgwloHlFUznefiZhGCWwbAw%3D%3D HTTP/1.1" 200 740 "-" "Mozilla/5.0 (Linux; Android 8.0.0; LLD-AL00 Build/HONORLLD-AL00; wv) AppleWebKit/537.36 (KHTML, like Gecko) Version/4.0 Chrome/66.0.3359.126 MQQBrowser/6.2 TBS/044605 Mobile Safari/537.36 MMWEBID/7269 MicroMessenger/7.0.3.1400(0x2700033C) Process/tools NetType/4G Language/zh_CN"[ZKt200T0a200]
223.166.151.234 - - [10/Apr/2019:16:33:58 +0800] "GET http://mayubin.xyz/ HTTP/1.1" 200 721 "-" "Mozilla/5.0 (Windows; U; Windows NT 5.1; zh-CN; rv:1.9b4) Gecko/2008030317 Firefox/3.0b4"[CVt0T0a304]
61.151.178.167 - - [10/Apr/2019:16:33:58 +0800] "GET http://mayubin.xyz/ HTTP/1.1" 200 721 "-" "Mozilla/5.0 (Windows; U; Windows NT 5.1; zh-CN; rv:1.9b4) Gecko/2008030317 Firefox/3.0b4"[Ct0T0a0]
117.136.46.106 - - [10/Apr/2019:16:33:59 +0800] "GET http://mayubin.xyz/favicon.ico HTTP/1.1" 404 652 "http://mayubin.xyz/?nsukey=0YV%2FDIB%2F%2BTpdQI7V11cVjb6yy7dVBGHWfxIDB3qMuGFX89kSDXeJ2CFMWF3S4HT1h55b1ljRgNBv%2FLtEzOonIcHR89i7H%2FcdpbB9D%2BEguPGNAn%2B%2F2dGw1MAzbA9vh8ePO%2FdaZc28gwGMS8%2BwnPYvXT%2BEbE5vMr4EVa428oIzEzldZUmiJJa49jXUK6SLSoaLgwloHlFUznefiZhGCWwbAw%3D%3D" "Mozilla/5.0 (Linux; Android 8.0.0; LLD-AL00 Build/HONORLLD-AL00; wv) AppleWebKit/537.36 (KHTML, like Gecko) Version/4.0 Chrome/66.0.3359.126 MQQBrowser/6.2 TBS/044605 Mobile Safari/537.36 MMWEBID/7269 MicroMessenger/7.0.3.1400(0x2700033C) Process/tools NetType/4G Language/zh_CN"[Lt0T0a0]
101.89.29.97 - - [10/Apr/2019:16:34:55 +0800] "GET http://mayubin.xyz/ HTTP/1.1" 200 725 "-" "Mozilla/5.0 (Linux; Android 4.4.4; HUAWEI ALE-CL00 Build/HuaweiALE-CL00; wv) AppleWebKit/537.36 (KHTML, like Gecko) Version/4.0 Chrome/53.0.2785.49 Mobile MQQBrowser/6.2 TBS/043024 Safari/537.36 MicroMessenger/6.5.4.1000 NetType/4G Language/zh_CN"[CVLt201T0a304]
61.129.6.159 - - [10/Apr/2019:16:34:58 +0800] "GET http://mayubin.xyz/?nsukey=0YV%2FDIB%2F%2BTpdQI7V11cVjb6yy7dVBGHWfxIDB3qMuGFX89kSDXeJ2CFMWF3S4HT1h55b1ljRgNBv%2FLtEzOonIcHR89i7H%2FcdpbB9D%2BEguPGNAn%2B%2F2dGw1MAzbA9vh8ePO%2FdaZc28gwGMS8%2BwnPYvXT%2BEbE5vMr4EVa428oIzEzldZUmiJJa49jXUK6SLSoaLgwloHlFUznefiZhGCWwbAw%3D%3D HTTP/1.1" 200 725 "-" "Mozilla/5.0 (iPhone; CPU iPhone OS 10_2_1 like Mac OS X) AppleWebKit/602.4.6 (KHTML, like Gecko) Mobile/14D27 MicroMessenger/6.5.5 NetType/WIFI Language/zh_CN"[Lt0T0a200]
124.88.112.133 - - [10/Apr/2019:16:53:33 +0800] "GET http://mayubin.xyz/ HTTP/1.1" 200 721 "-" "Mozilla/5.0 (iPhone; CPU iPhone OS 9_1 like Mac OS X) AppleWebKit/601.1.46 (KHTML, like Gecko) Version/9.0 Mobile/13B143 Safari/601.1"[CVt200T0a304]
112.2.253.32 - - [10/Apr/2019:17:08:26 +0800] "GET http://mayubin.xyz/ HTTP/1.1" 304 121 "-" "Mozilla/5.0 (Windows NT 10.0; Win64; x64) AppleWebKit/537.36 (KHTML, like Gecko) Chrome/73.0.3683.103 Safari/537.36"[CVLt0T0a304]
112.2.253.32 - - [10/Apr/2019:17:15:41 +0800] "GET http://mayubin.xyz/ HTTP/1.1" 200 445 "-" "Mozilla/5.0 (Windows NT 10.0; Win64; x64) AppleWebKit/537.36 (KHTML, like Gecko) Chrome/73.0.3683.103 Safari/537.36"[Lt201T1a200]
112.2.253.32 - - [10/Apr/2019:17:15:41 +0800] "GET http://mayubin.xyz/movie.ogg HTTP/1.1" 404 652 "http://mayubin.xyz/" "Mozilla/5.0 (Windows NT 10.0; Win64; x64) AppleWebKit/537.36 (KHTML, like Gecko) Chrome/73.0.3683.103 Safari/537.36"[Lt0T0a0]
112.2.253.32 - - [10/Apr/2019:17:15:41 +0800] "GET http://mayubin.xyz/movie.mp4 HTTP/1.1" 404 652 "http://mayubin.xyz/" "Mozilla/5.0 (Windows NT 10.0; Win64; x64) AppleWebKit/537.36 (KHTML, like Gecko) Chrome/73.0.3683.103 Safari/537.36"[Lt0T0a0]
112.2.253.32 - - [10/Apr/2019:17:17:05 +0800] "GET http://mayubin.xyz/ HTTP/1.1" 304 121 "-" "Mozilla/5.0 (Windows NT 10.0; Win64; x64) AppleWebKit/537.36 (KHTML, like Gecko) Chrome/73.0.3683.103 Safari/537.36"[CVLt0T0a304]
112.2.253.32 - - [10/Apr/2019:17:17:05 +0800] "GET http://mayubin.xyz/movie.ogg HTTP/1.1" 404 652 "http://mayubin.xyz/" "Mozilla/5.0 (Windows NT 10.0; Win64; x64) AppleWebKit/537.36 (KHTML, like Gecko) Chrome/73.0.3683.103 Safari/537.36"[Lt0T0a0]
112.2.253.32 - - [10/Apr/2019:17:17:05 +0800] "GET http://mayubin.xyz/movie.mp4 HTTP/1.1" 404 652 "http://mayubin.xyz/" "Mozilla/5.0 (Windows NT 10.0; Win64; x64) AppleWebKit/537.36 (KHTML, like Gecko) Chrome/73.0.3683.103 Safari/537.36"[Lt0T0a0]
112.2.253.32 - - [10/Apr/2019:17:39:35 +0800] "GET http://mayubin.xyz/ HTTP/1.1" 200 37253 "-" "Mozilla/5.0 (Windows NT 10.0; Win64; x64) AppleWebKit/537.36 (KHTML, like Gecko) Chrome/73.0.3683.103 Safari/537.36"[ZKLt404T0a200]
112.2.253.32 - - [10/Apr/2019:17:39:49 +0800] "GET http://mayubin.xyz/ HTTP/1.1" 304 121 "-" "Mozilla/5.0 (Windows NT 10.0; Win64; x64) AppleWebKit/537.36 (KHTML, like Gecko) Chrome/73.0.3683.103 Safari/537.36"[CVLt0T0a304]
112.2.253.32 - - [10/Apr/2019:17:39:50 +0800] "GET http://mayubin.xyz/ HTTP/1.1" 304 121 "-" "Mozilla/5.0 (Windows NT 10.0; Win64; x64) AppleWebKit/537.36 (KHTML, like Gecko) Chrome/73.0.3683.103 Safari/537.36"[CLt0T0a0]
112.2.253.32 - - [10/Apr/2019:17:39:50 +0800] "GET http://mayubin.xyz/ HTTP/1.1" 304 121 "-" "Mozilla/5.0 (Windows NT 10.0; Win64; x64) AppleWebKit/537.36 (KHTML, like Gecko) Chrome/73.0.3683.103 Safari/537.36"[CLt0T0a0]
112.2.253.32 - - [10/Apr/2019:17:39:51 +0800] "GET http://mayubin.xyz/ HTTP/1.1" 304 121 "-" "Mozilla/5.0 (Windows NT 10.0; Win64; x64) AppleWebKit/537.36 (KHTML, like Gecko) Chrome/73.0.3683.103 Safari/537.36"[CLt0T0a0]
112.2.253.32 - - [10/Apr/2019:17:39:52 +0800] "GET http://mayubin.xyz/ HTTP/1.1" 304 121 "-" "Mozilla/5.0 (Windows NT 10.0; Win64; x64) AppleWebKit/537.36 (KHTML, like Gecko) Chrome/73.0.3683.103 Safari/537.36"[CLt0T0a0]
112.2.253.32 - - [10/Apr/2019:17:39:52 +0800] "GET http://mayubin.xyz/ HTTP/1.1" 304 121 "-" "Mozilla/5.0 (Windows NT 10.0; Win64; x64) AppleWebKit/537.36 (KHTML, like Gecko) Chrome/73.0.3683.103 Safari/537.36"[CLt0T0a0]
112.2.253.32 - - [10/Apr/2019:17:39:52 +0800] "GET http://mayubin.xyz/ HTTP/1.1" 304 121 "-" "Mozilla/5.0 (Windows NT 10.0; Win64; x64) AppleWebKit/537.36 (KHTML, like Gecko) Chrome/73.0.3683.103 Safari/537.36"[CLt0T0a0]
112.2.253.78 - - [10/Apr/2019:17:40:29 +0800] "GET http://mayubin.xyz/ HTTP/1.1" 200 37203 "-" "Mozilla/5.0 (Windows NT 10.0; Win64; x64) AppleWebKit/537.36 (KHTML, like Gecko) Chrome/73.0.3683.86 Safari/537.36"[CVLt450T0a304]
123.125.71.20 - - [10/Apr/2019:17:40:45 +0800] "GET http://mayubin.xyz/robots.txt HTTP/1.1" 404 647 "-" "Mozilla/5.0 (compatible; Baiduspider/2.0; +http://www.baidu.com/search/spider.html)"[t201T0a0]
123.125.67.158 - - [10/Apr/2019:17:41:35 +0800] "GET http://mayubin.xyz/ HTTP/1.1" 200 37198 "-" "Mozilla/5.0 (Windows NT 10.0; WOW64) AppleWebKit/537.36 (KHTML, like Gecko) Chrome/45.0.2454.93 Safari/537.36"[CVt401T0a304]
112.2.253.32 - - [10/Apr/2019:17:49:07 +0800] "GET http://mayubin.xyz/ HTTP/1.1" 200 1563 "-" "Mozilla/5.0 (Windows NT 10.0; Win64; x64) AppleWebKit/537.36 (KHTML, like Gecko) Chrome/73.0.3683.103 Safari/537.36"[ZKLt200T0a200]
112.2.253.32 - - [10/Apr/2019:17:50:59 +0800] "GET http://mayubin.xyz/ HTTP/1.1" 200 1561 "-" "Mozilla/5.0 (Windows NT 10.0; Win64; x64) AppleWebKit/537.36 (KHTML, like Gecko) Chrome/73.0.3683.103 Safari/537.36"[ZKLt200T0a200]
112.2.253.32 - - [10/Apr/2019:17:51:00 +0800] "GET http://mayubin.xyz/ HTTP/1.1" 304 121 "-" "Mozilla/5.0 (Windows NT 10.0; Win64; x64) AppleWebKit/537.36 (KHTML, like Gecko) Chrome/73.0.3683.103 Safari/537.36"[CLt0T0a0]
112.2.253.32 - - [10/Apr/2019:17:51:01 +0800] "GET http://mayubin.xyz/ HTTP/1.1" 304 121 "-" "Mozilla/5.0 (Windows NT 10.0; Win64; x64) AppleWebKit/537.36 (KHTML, like Gecko) Chrome/73.0.3683.103 Safari/537.36"[CLt0T0a0]
112.2.253.32 - - [10/Apr/2019:17:52:59 +0800] "GET http://mayubin.xyz/ HTTP/1.1" 304 121 "-" "Mozilla/5.0 (Windows NT 10.0; Win64; x64) AppleWebKit/537.36 (KHTML, like Gecko) Chrome/73.0.3683.103 Safari/537.36"[CVLt0T0a304]
112.2.253.32 - - [10/Apr/2019:17:52:59 +0800] "GET http://mayubin.xyz/ HTTP/1.1" 304 121 "-" "Mozilla/5.0 (Windows NT 10.0; Win64; x64) AppleWebKit/537.36 (KHTML, like Gecko) Chrome/73.0.3683.103 Safari/537.36"[CLt0T0a0]
112.2.253.32 - - [10/Apr/2019:18:29:10 +0800] "GET http://mayubin.xyz/ HTTP/1.1" 304 121 "-" "Mozilla/5.0 (Windows NT 10.0; Win64; x64) AppleWebKit/537.36 (KHTML, like Gecko) Chrome/73.0.3683.103 Safari/537.36"[CVLt0T0a304]
112.2.253.32 - - [10/Apr/2019:18:29:11 +0800] "GET http://mayubin.xyz/ HTTP/1.1" 304 121 "-" "Mozilla/5.0 (Windows NT 10.0; Win64; x64) AppleWebKit/537.36 (KHTML, like Gecko) Chrome/73.0.3683.103 Safari/537.36"[CLt0T0a0]
112.2.253.32 - - [10/Apr/2019:18:29:11 +0800] "GET http://mayubin.xyz/ HTTP/1.1" 304 121 "-" "Mozilla/5.0 (Windows NT 10.0; Win64; x64) AppleWebKit/537.36 (KHTML, like Gecko) Chrome/73.0.3683.103 Safari/537.36"[CLt0T0a0]
112.2.253.32 - - [10/Apr/2019:18:29:11 +0800] "GET http://mayubin.xyz/ HTTP/1.1" 304 121 "-" "Mozilla/5.0 (Windows NT 10.0; Win64; x64) AppleWebKit/537.36 (KHTML, like Gecko) Chrome/73.0.3683.103 Safari/537.36"[CLt0T0a0]
79.54.11.62 - - [10/Apr/2019:18:37:26 +0800] "GET http://mayubin.xyz/ HTTP/1.1" 200 7264 "-" "Mozilla/5.1 (Windows NT 6.1; WOW64; rv:36.0) Gecko/20100101 Firefox/36.0"[t201T0a200]
223.166.151.235 - - [10/Apr/2019:20:48:45 +0800] "GET http://mayubin.xyz/ HTTP/1.1" 200 1538 "-" "Mozilla/5.0 (Windows; U; Windows NT 5.1; zh-CN; rv:1.9b4) Gecko/2008030317 Firefox/3.0b4"[CVt200T0a304]
101.226.225.59 - - [10/Apr/2019:20:48:45 +0800] "GET http://mayubin.xyz/ HTTP/1.1" 200 1538 "-" "Mozilla/5.0 (Windows; U; Windows NT 5.1; zh-CN; rv:1.9b4) Gecko/2008030317 Firefox/3.0b4"[Ct200T0a0]
61.129.8.199 - - [10/Apr/2019:20:48:45 +0800] "GET http://mayubin.xyz/?nsukey=MJRrOTPOXHp0TQRo%2FGInVqBnbD0bTfduDS0zBmFxDE6LE1za1rkJrxpyVxXaigp0KU11nt54LxQXeKlgW%2F0w2DwT7gEKaA3%2BA8XL1k9ORaqFMaJYgG038cBKKmeouzl5WspLnz8yFjDYBR%2BwmYYgi6cfI%2F9hirWJfi0JPhyVTK6p07qMSQ4GI4f66bLgQ5xsfx1SRrgnCKA%2BMj9wJsIxaQ%3D%3D HTTP/1.1" 200 1556 "-" "Mozilla/5.0 (Linux; Android 8.0.0; LLD-AL00 Build/HONORLLD-AL00; wv) AppleWebKit/537.36 (KHTML, like Gecko) Version/4.0 Chrome/66.0.3359.126 MQQBrowser/6.2 TBS/044605 Mobile Safari/537.36 MMWEBID/7269 MicroMessenger/7.0.3.1400(0x2700033C) Process/tools NetType/4G Language/zh_CN"[ZKt200T0a200]
117.136.46.106 - - [10/Apr/2019:20:48:45 +0800] "GET http://mayubin.xyz/favicon.ico HTTP/1.1" 404 652 "http://mayubin.xyz/?nsukey=MJRrOTPOXHp0TQRo%2FGInVqBnbD0bTfduDS0zBmFxDE6LE1za1rkJrxpyVxXaigp0KU11nt54LxQXeKlgW%2F0w2DwT7gEKaA3%2BA8XL1k9ORaqFMaJYgG038cBKKmeouzl5WspLnz8yFjDYBR%2BwmYYgi6cfI%2F9hirWJfi0JPhyVTK6p07qMSQ4GI4f66bLgQ5xsfx1SRrgnCKA%2BMj9wJsIxaQ%3D%3D" "Mozilla/5.0 (Linux; Android 8.0.0; LLD-AL00 Build/HONORLLD-AL00; wv) AppleWebKit/537.36 (KHTML, like Gecko) Version/4.0 Chrome/66.0.3359.126 MQQBrowser/6.2 TBS/044605 Mobile Safari/537.36 MMWEBID/7269 MicroMessenger/7.0.3.1400(0x2700033C) Process/tools NetType/4G Language/zh_CN"[Lt0T0a0]
101.89.19.149 - - [10/Apr/2019:20:49:44 +0800] "GET http://mayubin.xyz/?nsukey=MJRrOTPOXHp0TQRo%2FGInVqBnbD0bTfduDS0zBmFxDE6LE1za1rkJrxpyVxXaigp0KU11nt54LxQXeKlgW%2F0w2DwT7gEKaA3%2BA8XL1k9ORaqFMaJYgG038cBKKmeouzl5WspLnz8yFjDYBR%2BwmYYgi6cfI%2F9hirWJfi0JPhyVTK6p07qMSQ4GI4f66bLgQ5xsfx1SRrgnCKA%2BMj9wJsIxaQ%3D%3D HTTP/1.1" 200 7269 "-" "Mozilla/5.0 (iPhone; CPU iPhone OS 10_2_1 like Mac OS X) AppleWebKit/602.4.6 (KHTML, like Gecko) Mobile/14D27 MicroMessenger/6.5.5 NetType/WIFI Language/zh_CN"[Lt200T0a200]
112.2.253.32 - - [10/Apr/2019:21:05:32 +0800] "GET http://mayubin.xyz/ HTTP/1.1" 304 121 "-" "Mozilla/5.0 (Windows NT 10.0; Win64; x64) AppleWebKit/537.36 (KHTML, like Gecko) Chrome/73.0.3683.103 Safari/537.36"[CVLt0T0a304]
112.2.253.32 - - [10/Apr/2019:21:06:10 +0800] "GET http://mayubin.xyz/ HTTP/1.1" 200 2571 "-" "Mozilla/5.0 (Windows NT 10.0; Win64; x64) AppleWebKit/537.36 (KHTML, like Gecko) Chrome/73.0.3683.103 Safari/537.36"[ZKLt228T0a200]
112.2.253.32 - - [10/Apr/2019:21:06:11 +0800] "GET http://mayubin.xyz/img/35X35.gif HTTP/1.1" 404 652 "http://mayubin.xyz/" "Mozilla/5.0 (Windows NT 10.0; Win64; x64) AppleWebKit/537.36 (KHTML, like Gecko) Chrome/73.0.3683.103 Safari/537.36"[Lt0T0a0]
112.2.253.32 - - [10/Apr/2019:21:06:11 +0800] "GET http://mayubin.xyz/css/bootstrap.css HTTP/1.1" 404 652 "http://mayubin.xyz/" "Mozilla/5.0 (Windows NT 10.0; Win64; x64) AppleWebKit/537.36 (KHTML, like Gecko) Chrome/73.0.3683.103 Safari/537.36"[Lt0T0a0]
112.2.253.32 - - [10/Apr/2019:21:06:11 +0800] "GET http://mayubin.xyz/js/jquery-1.11.2.min.js HTTP/1.1" 404 652 "http://mayubin.xyz/" "Mozilla/5.0 (Windows NT 10.0; Win64; x64) AppleWebKit/537.36 (KHTML, like Gecko) Chrome/73.0.3683.103 Safari/537.36"[Lt0T0a0]
112.2.253.32 - - [10/Apr/2019:21:06:11 +0800] "GET http://mayubin.xyz/js/bootstrap.min.js HTTP/1.1" 404 652 "http://mayubin.xyz/" "Mozilla/5.0 (Windows NT 10.0; Win64; x64) AppleWebKit/537.36 (KHTML, like Gecko) Chrome/73.0.3683.103 Safari/537.36"[Lt0T0a0]
112.2.253.32 - - [10/Apr/2019:21:06:11 +0800] "GET http://mayubin.xyz/img/400x400.gif HTTP/1.1" 404 652 "http://mayubin.xyz/" "Mozilla/5.0 (Windows NT 10.0; Win64; x64) AppleWebKit/537.36 (KHTML, like Gecko) Chrome/73.0.3683.103 Safari/537.36"[Lt0T0a0]
112.2.253.32 - - [10/Apr/2019:21:06:11 +0800] "GET http://mayubin.xyz/img/200x200.gif HTTP/1.1" 404 652 "http://mayubin.xyz/" "Mozilla/5.0 (Windows NT 10.0; Win64; x64) AppleWebKit/537.36 (KHTML, like Gecko) Chrome/73.0.3683.103 Safari/537.36"[Lt0T0a0]
112.2.253.32 - - [10/Apr/2019:21:06:16 +0800] "GET http://mayubin.xyz/ HTTP/1.1" 304 121 "-" "Mozilla/5.0 (Windows NT 10.0; Win64; x64) AppleWebKit/537.36 (KHTML, like Gecko) Chrome/73.0.3683.103 Safari/537.36"[CLt0T0a0]
112.2.253.32 - - [10/Apr/2019:21:06:16 +0800] "GET http://mayubin.xyz/img/400x400.gif HTTP/1.1" 404 652 "http://mayubin.xyz/" "Mozilla/5.0 (Windows NT 10.0; Win64; x64) AppleWebKit/537.36 (KHTML, like Gecko) Chrome/73.0.3683.103 Safari/537.36"[Lt0T0a0]
112.2.253.32 - - [10/Apr/2019:21:06:16 +0800] "GET http://mayubin.xyz/js/bootstrap.min.js HTTP/1.1" 404 652 "http://mayubin.xyz/" "Mozilla/5.0 (Windows NT 10.0; Win64; x64) AppleWebKit/537.36 (KHTML, like Gecko) Chrome/73.0.3683.103 Safari/537.36"[Lt0T0a0]
112.2.253.32 - - [10/Apr/2019:21:06:16 +0800] "GET http://mayubin.xyz/js/jquery-1.11.2.min.js HTTP/1.1" 404 652 "http://mayubin.xyz/" "Mozilla/5.0 (Windows NT 10.0; Win64; x64) AppleWebKit/537.36 (KHTML, like Gecko) Chrome/73.0.3683.103 Safari/537.36"[Lt45T0a0]
112.2.253.32 - - [10/Apr/2019:21:06:16 +0800] "GET http://mayubin.xyz/img/35X35.gif HTTP/1.1" 404 652 "http://mayubin.xyz/" "Mozilla/5.0 (Windows NT 10.0; Win64; x64) AppleWebKit/537.36 (KHTML, like Gecko) Chrome/73.0.3683.103 Safari/537.36"[Lt0T0a0]
112.2.253.32 - - [10/Apr/2019:21:06:16 +0800] "GET http://mayubin.xyz/img/200x200.gif HTTP/1.1" 404 652 "http://mayubin.xyz/" "Mozilla/5.0 (Windows NT 10.0; Win64; x64) AppleWebKit/537.36 (KHTML, like Gecko) Chrome/73.0.3683.103 Safari/537.36"[Lt0T0a0]
112.2.253.32 - - [10/Apr/2019:21:06:16 +0800] "GET http://mayubin.xyz/css/bootstrap.css HTTP/1.1" 404 652 "http://mayubin.xyz/" "Mozilla/5.0 (Windows NT 10.0; Win64; x64) AppleWebKit/537.36 (KHTML, like Gecko) Chrome/73.0.3683.103 Safari/537.36"[Lt0T0a0]
112.2.253.32 - - [10/Apr/2019:21:06:17 +0800] "GET http://mayubin.xyz/ HTTP/1.1" 304 121 "-" "Mozilla/5.0 (Windows NT 10.0; Win64; x64) AppleWebKit/537.36 (KHTML, like Gecko) Chrome/73.0.3683.103 Safari/537.36"[CLt0T0a0]
112.2.253.32 - - [10/Apr/2019:21:06:17 +0800] "GET http://mayubin.xyz/img/400x400.gif HTTP/1.1" 404 652 "http://mayubin.xyz/" "Mozilla/5.0 (Windows NT 10.0; Win64; x64) AppleWebKit/537.36 (KHTML, like Gecko) Chrome/73.0.3683.103 Safari/537.36"[Lt0T0a0]
112.2.253.32 - - [10/Apr/2019:21:06:17 +0800] "GET http://mayubin.xyz/img/35X35.gif HTTP/1.1" 404 652 "http://mayubin.xyz/" "Mozilla/5.0 (Windows NT 10.0; Win64; x64) AppleWebKit/537.36 (KHTML, like Gecko) Chrome/73.0.3683.103 Safari/537.36"[Lt0T0a0]
112.2.253.32 - - [10/Apr/2019:21:06:17 +0800] "GET http://mayubin.xyz/js/jquery-1.11.2.min.js HTTP/1.1" 404 652 "http://mayubin.xyz/" "Mozilla/5.0 (Windows NT 10.0; Win64; x64) AppleWebKit/537.36 (KHTML, like Gecko) Chrome/73.0.3683.103 Safari/537.36"[Lt0T0a0]
112.2.253.32 - - [10/Apr/2019:21:06:17 +0800] "GET http://mayubin.xyz/img/200x200.gif HTTP/1.1" 404 652 "http://mayubin.xyz/" "Mozilla/5.0 (Windows NT 10.0; Win64; x64) AppleWebKit/537.36 (KHTML, like Gecko) Chrome/73.0.3683.103 Safari/537.36"[Lt0T0a0]
112.2.253.32 - - [10/Apr/2019:21:06:17 +0800] "GET http://mayubin.xyz/css/bootstrap.css HTTP/1.1" 404 652 "http://mayubin.xyz/" "Mozilla/5.0 (Windows NT 10.0; Win64; x64) AppleWebKit/537.36 (KHTML, like Gecko) Chrome/73.0.3683.103 Safari/537.36"[Lt0T0a0]
112.2.253.32 - - [10/Apr/2019:21:06:17 +0800] "GET http://mayubin.xyz/js/bootstrap.min.js HTTP/1.1" 404 652 "http://mayubin.xyz/" "Mozilla/5.0 (Windows NT 10.0; Win64; x64) AppleWebKit/537.36 (KHTML, like Gecko) Chrome/73.0.3683.103 Safari/537.36"[Lt0T0a0]
112.2.253.32 - - [10/Apr/2019:21:06:17 +0800] "GET http://mayubin.xyz/js/bootstrap.min.js HTTP/1.1" 404 652 "http://mayubin.xyz/" "Mozilla/5.0 (Windows NT 10.0; Win64; x64) AppleWebKit/537.36 (KHTML, like Gecko) Chrome/73.0.3683.103 Safari/537.36"[Lt0T0a0]
112.2.253.32 - - [10/Apr/2019:21:06:19 +0800] "GET http://mayubin.xyz/ HTTP/1.1" 200 2553 "http://mayubin.xyz/" "Mozilla/5.0 (Windows NT 10.0; Win64; x64) AppleWebKit/537.36 (KHTML, like Gecko) Chrome/73.0.3683.103 Safari/537.36"[CLt0T0a0]
112.2.253.32 - - [10/Apr/2019:21:06:19 +0800] "GET http://mayubin.xyz/img/35X35.gif HTTP/1.1" 404 652 "http://mayubin.xyz/?" "Mozilla/5.0 (Windows NT 10.0; Win64; x64) AppleWebKit/537.36 (KHTML, like Gecko) Chrome/73.0.3683.103 Safari/537.36"[Lt0T0a0]
112.2.253.32 - - [10/Apr/2019:21:06:19 +0800] "GET http://mayubin.xyz/img/400x400.gif HTTP/1.1" 404 652 "http://mayubin.xyz/?" "Mozilla/5.0 (Windows NT 10.0; Win64; x64) AppleWebKit/537.36 (KHTML, like Gecko) Chrome/73.0.3683.103 Safari/537.36"[Lt0T0a0]
112.2.253.32 - - [10/Apr/2019:21:06:19 +0800] "GET http://mayubin.xyz/js/jquery-1.11.2.min.js HTTP/1.1" 404 652 "http://mayubin.xyz/?" "Mozilla/5.0 (Windows NT 10.0; Win64; x64) AppleWebKit/537.36 (KHTML, like Gecko) Chrome/73.0.3683.103 Safari/537.36"[Lt0T0a0]
112.2.253.32 - - [10/Apr/2019:21:06:19 +0800] "GET http://mayubin.xyz/css/bootstrap.css HTTP/1.1" 404 652 "http://mayubin.xyz/?" "Mozilla/5.0 (Windows NT 10.0; Win64; x64) AppleWebKit/537.36 (KHTML, like Gecko) Chrome/73.0.3683.103 Safari/537.36"[Lt0T0a0]
112.2.253.32 - - [10/Apr/2019:21:06:19 +0800] "GET http://mayubin.xyz/img/200x200.gif HTTP/1.1" 404 652 "http://mayubin.xyz/?" "Mozilla/5.0 (Windows NT 10.0; Win64; x64) AppleWebKit/537.36 (KHTML, like Gecko) Chrome/73.0.3683.103 Safari/537.36"[Lt0T0a0]
112.2.253.32 - - [10/Apr/2019:21:06:19 +0800] "GET http://mayubin.xyz/js/bootstrap.min.js HTTP/1.1" 404 652 "http://mayubin.xyz/?" "Mozilla/5.0 (Windows NT 10.0; Win64; x64) AppleWebKit/537.36 (KHTML, like Gecko) Chrome/73.0.3683.103 Safari/537.36"[Lt0T0a0]
112.2.253.32 - - [10/Apr/2019:21:06:20 +0800] "GET http://mayubin.xyz/js/bootstrap.min.js HTTP/1.1" 404 652 "http://mayubin.xyz/?" "Mozilla/5.0 (Windows NT 10.0; Win64; x64) AppleWebKit/537.36 (KHTML, like Gecko) Chrome/73.0.3683.103 Safari/537.36"[Lt0T0a0]
112.2.253.32 - - [10/Apr/2019:21:06:23 +0800] "GET http://mayubin.xyz/ HTTP/1.1" 304 121 "http://mayubin.xyz/" "Mozilla/5.0 (Windows NT 10.0; Win64; x64) AppleWebKit/537.36 (KHTML, like Gecko) Chrome/73.0.3683.103 Safari/537.36"[CVLt0T0a304]
112.2.253.32 - - [10/Apr/2019:21:06:23 +0800] "GET http://mayubin.xyz/img/35X35.gif HTTP/1.1" 404 652 "http://mayubin.xyz/?" "Mozilla/5.0 (Windows NT 10.0; Win64; x64) AppleWebKit/537.36 (KHTML, like Gecko) Chrome/73.0.3683.103 Safari/537.36"[Lt0T0a0]
112.2.253.32 - - [10/Apr/2019:21:06:23 +0800] "GET http://mayubin.xyz/img/400x400.gif HTTP/1.1" 404 652 "http://mayubin.xyz/?" "Mozilla/5.0 (Windows NT 10.0; Win64; x64) AppleWebKit/537.36 (KHTML, like Gecko) Chrome/73.0.3683.103 Safari/537.36"[Lt0T0a0]
112.2.253.32 - - [10/Apr/2019:21:06:23 +0800] "GET http://mayubin.xyz/css/bootstrap.css HTTP/1.1" 404 652 "http://mayubin.xyz/?" "Mozilla/5.0 (Windows NT 10.0; Win64; x64) AppleWebKit/537.36 (KHTML, like Gecko) Chrome/73.0.3683.103 Safari/537.36"[Lt0T0a0]
112.2.253.32 - - [10/Apr/2019:21:06:23 +0800] "GET http://mayubin.xyz/js/jquery-1.11.2.min.js HTTP/1.1" 404 652 "http://mayubin.xyz/?" "Mozilla/5.0 (Windows NT 10.0; Win64; x64) AppleWebKit/537.36 (KHTML, like Gecko) Chrome/73.0.3683.103 Safari/537.36"[Lt0T0a0]
112.2.253.32 - - [10/Apr/2019:21:06:23 +0800] "GET http://mayubin.xyz/img/200x200.gif HTTP/1.1" 404 652 "http://mayubin.xyz/?" "Mozilla/5.0 (Windows NT 10.0; Win64; x64) AppleWebKit/537.36 (KHTML, like Gecko) Chrome/73.0.3683.103 Safari/537.36"[Lt0T0a0]
112.2.253.32 - - [10/Apr/2019:21:06:23 +0800] "GET http://mayubin.xyz/js/bootstrap.min.js HTTP/1.1" 404 652 "http://mayubin.xyz/?" "Mozilla/5.0 (Windows NT 10.0; Win64; x64) AppleWebKit/537.36 (KHTML, like Gecko) Chrome/73.0.3683.103 Safari/537.36"[Lt0T0a0]
112.2.253.32 - - [10/Apr/2019:21:06:23 +0800] "GET http://mayubin.xyz/js/bootstrap.min.js HTTP/1.1" 404 652 "http://mayubin.xyz/?" "Mozilla/5.0 (Windows NT 10.0; Win64; x64) AppleWebKit/537.36 (KHTML, like Gecko) Chrome/73.0.3683.103 Safari/537.36"[Lt0T0a0]
112.2.253.32 - - [10/Apr/2019:21:06:26 +0800] "GET http://mayubin.xyz/ HTTP/1.1" 304 121 "http://mayubin.xyz/" "Mozilla/5.0 (Windows NT 10.0; Win64; x64) AppleWebKit/537.36 (KHTML, like Gecko) Chrome/73.0.3683.103 Safari/537.36"[CLt0T0a0]
112.2.253.32 - - [10/Apr/2019:21:06:26 +0800] "GET http://mayubin.xyz/css/bootstrap.css HTTP/1.1" 404 652 "http://mayubin.xyz/?" "Mozilla/5.0 (Windows NT 10.0; Win64; x64) AppleWebKit/537.36 (KHTML, like Gecko) Chrome/73.0.3683.103 Safari/537.36"[Lt0T0a0]
112.2.253.32 - - [10/Apr/2019:21:06:26 +0800] "GET http://mayubin.xyz/img/35X35.gif HTTP/1.1" 404 652 "http://mayubin.xyz/?" "Mozilla/5.0 (Windows NT 10.0; Win64; x64) AppleWebKit/537.36 (KHTML, like Gecko) Chrome/73.0.3683.103 Safari/537.36"[Lt0T0a0]
112.2.253.32 - - [10/Apr/2019:21:06:26 +0800] "GET http://mayubin.xyz/img/400x400.gif HTTP/1.1" 404 652 "http://mayubin.xyz/?" "Mozilla/5.0 (Windows NT 10.0; Win64; x64) AppleWebKit/537.36 (KHTML, like Gecko) Chrome/73.0.3683.103 Safari/537.36"[Lt0T0a0]
112.2.253.32 - - [10/Apr/2019:21:06:26 +0800] "GET http://mayubin.xyz/js/jquery-1.11.2.min.js HTTP/1.1" 404 652 "http://mayubin.xyz/?" "Mozilla/5.0 (Windows NT 10.0; Win64; x64) AppleWebKit/537.36 (KHTML, like Gecko) Chrome/73.0.3683.103 Safari/537.36"[Lt0T0a0]
112.2.253.32 - - [10/Apr/2019:21:06:26 +0800] "GET http://mayubin.xyz/js/bootstrap.min.js HTTP/1.1" 404 652 "http://mayubin.xyz/?" "Mozilla/5.0 (Windows NT 10.0; Win64; x64) AppleWebKit/537.36 (KHTML, like Gecko) Chrome/73.0.3683.103 Safari/537.36"[Lt0T0a0]
112.2.253.32 - - [10/Apr/2019:21:06:26 +0800] "GET http://mayubin.xyz/img/200x200.gif HTTP/1.1" 404 652 "http://mayubin.xyz/?" "Mozilla/5.0 (Windows NT 10.0; Win64; x64) AppleWebKit/537.36 (KHTML, like Gecko) Chrome/73.0.3683.103 Safari/537.36"[Lt0T0a0]
112.2.253.32 - - [10/Apr/2019:21:06:26 +0800] "GET http://mayubin.xyz/js/bootstrap.min.js HTTP/1.1" 404 652 "http://mayubin.xyz/?" "Mozilla/5.0 (Windows NT 10.0; Win64; x64) AppleWebKit/537.36 (KHTML, like Gecko) Chrome/73.0.3683.103 Safari/537.36"[Lt0T0a0]
101.226.225.86 - - [10/Apr/2019:21:51:09 +0800] "GET http://mayubin.xyz/ HTTP/1.1" 200 2548 "-" "Mozilla/5.0 (Windows; U; Windows NT 5.1; zh-CN; rv:1.9b4) Gecko/2008030317 Firefox/3.0b4"[CVt100T0a304]
61.129.8.199 - - [10/Apr/2019:21:51:09 +0800] "GET http://mayubin.xyz/?nsukey=jK5KYu2s2q0IgbFgCtzNOONzimQQ34odWrwJ1YE01cB7fryVWNPHDZggg5hcbjBqRT7fleyLvGsBuhULPY2hWRWgqVt2aKqqF5ROa%2BuirZoe0mH%2F0ckJ5vL%2BEyOh9BoOlVu0aTzWVjBYayrxOYFrbAqz5yzvqc3U%2Bo0FA5QH7WI%3D HTTP/1.1" 200 2566 "-" "Mozilla/5.0 (Linux; Android 8.0.0; LLD-AL00 Build/HONORLLD-AL00; wv) AppleWebKit/537.36 (KHTML, like Gecko) Version/4.0 Chrome/66.0.3359.126 MQQBrowser/6.2 TBS/044605 Mobile Safari/537.36 MMWEBID/7269 MicroMessenger/7.0.3.1400(0x2700033C) Process/tools NetType/4G Language/zh_CN"[ZKt0T0a200]
223.167.152.21 - - [10/Apr/2019:21:51:09 +0800] "GET http://mayubin.xyz/ HTTP/1.1" 200 2548 "-" "Mozilla/5.0 (Windows; U; Windows NT 5.1; zh-CN; rv:1.9b4) Gecko/2008030317 Firefox/3.0b4"[Ct0T0a0]
117.136.46.106 - - [10/Apr/2019:21:51:09 +0800] "GET http://mayubin.xyz/css/bootstrap.css HTTP/1.1" 404 652 "http://mayubin.xyz/?nsukey=jK5KYu2s2q0IgbFgCtzNOONzimQQ34odWrwJ1YE01cB7fryVWNPHDZggg5hcbjBqRT7fleyLvGsBuhULPY2hWRWgqVt2aKqqF5ROa%2BuirZoe0mH%2F0ckJ5vL%2BEyOh9BoOlVu0aTzWVjBYayrxOYFrbAqz5yzvqc3U%2Bo0FA5QH7WI%3D" "Mozilla/5.0 (Linux; Android 8.0.0; LLD-AL00 Build/HONORLLD-AL00; wv) AppleWebKit/537.36 (KHTML, like Gecko) Version/4.0 Chrome/66.0.3359.126 MQQBrowser/6.2 TBS/044605 Mobile Safari/537.36 MMWEBID/7269 MicroMessenger/7.0.3.1400(0x2700033C) Process/tools NetType/4G Language/zh_CN"[Lt0T0a0]
